-----------------------------------------------------------
                                                           
                     Surfgen                               

   Use the quasi-diabatic Hamiltonian(Hd) approach to
   construct coupled potential energy surfaces from ab
    initio data.  
   Version: 2.6.14
                                                           
   Maintained by Xiaolei Zhu                               
   (C)  2010-2013 Yarkony Group                            
   Department of Chemistry, Johns Hopkins University       
   based on SURFGEN.X, Michael Schuurman,  2008            
-----------------------------------------------------------

  jobtype = MAKESURF 


